// Jest Snapshot v1, https://goo.gl/fbAQLP

exports[`Calendar renders correctly 1`] = `
<DocumentFragment>
  <div
    class="flex flex-col items-center"
  >
    <div
      class="flex flex-col-reverse items-center justify-center xl:w-[333px] xl:h-[243px] sm:w-[222px] sm:h-[180px]"
    >
      <div
        class="flex justify-center items-center gap-2"
      >
        <button
          class="flex items-center"
        >
          <img
            alt="Previous"
            class="xl:w-[50px] xl:h-[50px] sm:w-[35px] md:h-[35px]"
            data-nimg="1"
            decoding="async"
            height="50"
            loading="lazy"
            src="/_next/image?url=%2Ficons%2Fprevious.png&w=128&q=75"
            srcset="/_next/image?url=%2Ficons%2Fprevious.png&w=64&q=75 1x, /_next/image?url=%2Ficons%2Fprevious.png&w=128&q=75 2x"
            style="color: transparent;"
            width="50"
          />
        </button>
        <div
          class="flex flex-col items-center gap-3"
        >
          <div
            class="calendar grid grid-cols-7 gap-1"
          >
            <div
              class="sm:text-[12px] font-[500] w-[25px] md:ml-1 sm:ml-2 xl:text-[17px]"
            >
              S
            </div>
            <div
              class="sm:text-[12px] font-[500] w-[25px] md:ml-1 sm:ml-2 xl:text-[17px]"
            >
              M
            </div>
            <div
              class="sm:text-[12px] font-[500] w-[25px] md:ml-1 sm:ml-2 xl:text-[17px]"
            >
              T
            </div>
            <div
              class="sm:text-[12px] font-[500] w-[25px] md:ml-1 sm:ml-2 xl:text-[17px]"
            >
              W
            </div>
            <div
              class="sm:text-[12px] font-[500] w-[25px] md:ml-1 sm:ml-2 xl:text-[17px]"
            >
              T
            </div>
            <div
              class="sm:text-[12px] font-[500] w-[25px] md:ml-1 sm:ml-2 xl:text-[17px]"
            >
              F
            </div>
            <div
              class="sm:text-[12px] font-[500] w-[25px] md:ml-1 sm:ml-2 xl:text-[17px]"
            >
              S
            </div>
            <div
              class="emptyDay"
            />
            <div
              class="emptyDay"
            />
            <div
              class="emptyDay"
            />
            <a
              class="calendarDay  xl:text-[17px] md:w-[10px] xl:w-[18px] text-center sm:text-[11px] rounded"
              href=""
            >
              1
            </a>
            <a
              class="calendarDay  xl:text-[17px] md:w-[10px] xl:w-[18px] text-center sm:text-[11px] rounded"
              href=""
            >
              2
            </a>
            <a
              class="calendarDay  xl:text-[17px] md:w-[10px] xl:w-[18px] text-center sm:text-[11px] rounded"
              href=""
            >
              3
            </a>
            <a
              class="calendarDay  xl:text-[17px] md:w-[10px] xl:w-[18px] text-center sm:text-[11px] rounded"
              href=""
            >
              4
            </a>
            <a
              class="calendarDay  xl:text-[17px] md:w-[10px] xl:w-[18px] text-center sm:text-[11px] rounded"
              href=""
            >
              5
            </a>
            <a
              class="calendarDay  xl:text-[17px] md:w-[10px] xl:w-[18px] text-center sm:text-[11px] rounded"
              href=""
            >
              6
            </a>
            <a
              class="calendarDay  xl:text-[17px] md:w-[10px] xl:w-[18px] text-center sm:text-[11px] rounded"
              href=""
            >
              7
            </a>
            <a
              class="calendarDay  xl:text-[17px] md:w-[10px] xl:w-[18px] text-center sm:text-[11px] rounded"
              href=""
            >
              8
            </a>
            <a
              class="calendarDay  xl:text-[17px] md:w-[10px] xl:w-[18px] text-center sm:text-[11px] rounded"
              href=""
            >
              9
            </a>
            <a
              class="calendarDay  xl:text-[17px] md:w-[10px] xl:w-[18px] text-center sm:text-[11px] rounded"
              href=""
            >
              10
            </a>
            <a
              class="calendarDay  xl:text-[17px] md:w-[10px] xl:w-[18px] text-center sm:text-[11px] rounded"
              href=""
            >
              11
            </a>
            <a
              class="calendarDay  xl:text-[17px] md:w-[10px] xl:w-[18px] text-center sm:text-[11px] rounded"
              href=""
            >
              12
            </a>
            <a
              class="calendarDay  xl:text-[17px] md:w-[10px] xl:w-[18px] text-center sm:text-[11px] rounded"
              href=""
            >
              13
            </a>
            <a
              class="calendarDay  xl:text-[17px] md:w-[10px] xl:w-[18px] text-center sm:text-[11px] rounded"
              href=""
            >
              14
            </a>
            <a
              class="calendarDay  xl:text-[17px] md:w-[10px] xl:w-[18px] text-center sm:text-[11px] rounded"
              href=""
            >
              15
            </a>
            <a
              class="calendarDay  xl:text-[17px] md:w-[10px] xl:w-[18px] text-center sm:text-[11px] rounded"
              href=""
            >
              16
            </a>
            <a
              class="calendarDay  xl:text-[17px] md:w-[10px] xl:w-[18px] text-center sm:text-[11px] rounded"
              href=""
            >
              17
            </a>
            <a
              class="calendarDay  xl:text-[17px] md:w-[10px] xl:w-[18px] text-center sm:text-[11px] rounded"
              href=""
            >
              18
            </a>
            <a
              class="calendarDay  xl:text-[17px] md:w-[10px] xl:w-[18px] text-center sm:text-[11px] rounded"
              href=""
            >
              19
            </a>
            <a
              class="calendarDay  xl:text-[17px] md:w-[10px] xl:w-[18px] text-center sm:text-[11px] rounded"
              href=""
            >
              20
            </a>
            <a
              class="calendarDay  xl:text-[17px] md:w-[10px] xl:w-[18px] text-center sm:text-[11px] rounded"
              href=""
            >
              21
            </a>
            <a
              class="calendarDay  xl:text-[17px] md:w-[10px] xl:w-[18px] text-center sm:text-[11px] rounded"
              href=""
            >
              22
            </a>
            <a
              class="calendarDay  xl:text-[17px] md:w-[10px] xl:w-[18px] text-center sm:text-[11px] rounded"
              href=""
            >
              23
            </a>
            <a
              class="calendarDay  xl:text-[17px] md:w-[10px] xl:w-[18px] text-center sm:text-[11px] rounded"
              href=""
            >
              24
            </a>
            <a
              class="calendarDay  xl:text-[17px] md:w-[10px] xl:w-[18px] text-center sm:text-[11px] rounded"
              href=""
            >
              25
            </a>
            <a
              class="calendarDay  xl:text-[17px] md:w-[10px] xl:w-[18px] text-center sm:text-[11px] rounded"
              href=""
            >
              26
            </a>
            <a
              class="calendarDay  xl:text-[17px] md:w-[10px] xl:w-[18px] text-center sm:text-[11px] rounded"
              href=""
            >
              27
            </a>
            <a
              class="calendarDay  xl:text-[17px] md:w-[10px] xl:w-[18px] text-center sm:text-[11px] rounded"
              href=""
            >
              28
            </a>
            <a
              class="calendarDay  xl:text-[17px] md:w-[10px] xl:w-[18px] text-center sm:text-[11px] rounded"
              href=""
            >
              29
            </a>
            <a
              class="calendarDay  xl:text-[17px] md:w-[10px] xl:w-[18px] text-center sm:text-[11px] rounded"
              href=""
            >
              30
            </a>
          </div>
          <h2
            class="text-xl font-bold sm:text-[14px] xl:text-[18px]"
          >
            November 2023
          </h2>
        </div>
        <button
          class="flex items-center"
        >
          <img
            alt="Next"
            class="xl:w-[50px] xl:h-[50px] sm:w-[35px] md:h-[35px]"
            data-nimg="1"
            decoding="async"
            height="50"
            loading="lazy"
            src="/_next/image?url=%2Ficons%2Fnext.png&w=128&q=75"
            srcset="/_next/image?url=%2Ficons%2Fnext.png&w=64&q=75 1x, /_next/image?url=%2Ficons%2Fnext.png&w=128&q=75 2x"
            style="color: transparent;"
            width="50"
          />
        </button>
      </div>
    </div>
    <form
      class="flex xl:text-[16px] sm:text-[12px] flex-row gap-1 flex-wrap xl:w-[250px]"
    >
      <select
        class="bg-white bg-opacity-0"
      >
        <option
          value="1"
        >
          1
        </option>
        <option
          value="2"
        >
          2
        </option>
        <option
          value="3"
        >
          3
        </option>
        <option
          value="4"
        >
          4
        </option>
        <option
          value="5"
        >
          5
        </option>
        <option
          value="6"
        >
          6
        </option>
        <option
          value="7"
        >
          7
        </option>
        <option
          value="8"
        >
          8
        </option>
        <option
          value="9"
        >
          9
        </option>
        <option
          value="10"
        >
          10
        </option>
        <option
          value="11"
        >
          11
        </option>
        <option
          value="12"
        >
          12
        </option>
        <option
          value="13"
        >
          13
        </option>
        <option
          value="14"
        >
          14
        </option>
        <option
          value="15"
        >
          15
        </option>
        <option
          value="16"
        >
          16
        </option>
        <option
          value="17"
        >
          17
        </option>
        <option
          value="18"
        >
          18
        </option>
        <option
          value="19"
        >
          19
        </option>
        <option
          value="20"
        >
          20
        </option>
        <option
          value="21"
        >
          21
        </option>
        <option
          value="22"
        >
          22
        </option>
        <option
          value="23"
        >
          23
        </option>
        <option
          value="24"
        >
          24
        </option>
        <option
          value="25"
        >
          25
        </option>
        <option
          value="26"
        >
          26
        </option>
        <option
          value="27"
        >
          27
        </option>
        <option
          value="28"
        >
          28
        </option>
        <option
          value="29"
        >
          29
        </option>
        <option
          value="30"
        >
          30
        </option>
        <option
          value="31"
        >
          31
        </option>
      </select>
      <select
        class="bg-white bg-opacity-0"
      >
        <option
          value="0"
        >
          janvier
        </option>
        <option
          value="1"
        >
          février
        </option>
        <option
          value="2"
        >
          mars
        </option>
        <option
          value="3"
        >
          avril
        </option>
        <option
          value="4"
        >
          mai
        </option>
        <option
          value="5"
        >
          juin
        </option>
        <option
          value="6"
        >
          juillet
        </option>
        <option
          value="7"
        >
          août
        </option>
        <option
          value="8"
        >
          septembre
        </option>
        <option
          value="9"
        >
          octobre
        </option>
        <option
          value="10"
        >
          novembre
        </option>
        <option
          value="11"
        >
          décembre
        </option>
      </select>
      <select
        class="bg-white bg-opacity-0"
      >
        <option
          value="2023"
        >
          2023
        </option>
        <option
          value="2024"
        >
          2024
        </option>
        <option
          value="2025"
        >
          2025
        </option>
        <option
          value="2026"
        >
          2026
        </option>
        <option
          value="2027"
        >
          2027
        </option>
        <option
          value="2028"
        >
          2028
        </option>
        <option
          value="2029"
        >
          2029
        </option>
        <option
          value="2030"
        >
          2030
        </option>
        <option
          value="2031"
        >
          2031
        </option>
        <option
          value="2032"
        >
          2032
        </option>
        <option
          value="2033"
        >
          2033
        </option>
      </select>
      <button
        type="submit"
      >
        Go
      </button>
    </form>
  </div>
</DocumentFragment>
`;

exports[`FilterByType renders correctly 1`] = `
<DocumentFragment>
  <div>
    <button
      class="sm:hidden"
    >
      Interests
    </button>
    <ul
      class="information fadeIn flex sm:static sm:bg-transparent sm:h-[700px]  fixed bottom-0 left-0 h-64 w-full pt-8  bg-gray-900 text-white z-[999] flex-col items-start sm:pl-0 pl-4  gap-4 sm:border-x-0 sm:border-b-0 sm:pt-4 sm:items-center sm:border sm:border-t-black overflow-y-scroll"
    >
      <button
        class="sm:bg-blue-500 sm:text-center flex lg:items-center sm:gap-0 gap-2 sm:justify-center lg:w-[281px] lg:h-[52px] sm:w-[149px] sm:h-[30px] text-white font-[500] lg:text-[18px] lg:tracking-[0.10px] sm:text-[12px] sm:px-4 sm:py-2 rounded-lg"
      >
        Reset Filter
      </button>
      <button
        class="sm:bg-blue-500 sm:text-center flex lg:items-center sm:gap-0 gap-2 sm:justify-center lg:w-[281px] lg:h-[52px] sm:w-[149px] sm:h-[30px] text-white font-[500] lg:text-[18px] lg:tracking-[0.10px] sm:text-[12px] sm:px-4 sm:py-2 rounded-lg "
      >
        <span
          class="visible sm:hidden mr-2"
        >
          ▢
        </span>
        Affordable and Clean Energy
      </button>
      <button
        class="sm:bg-blue-500 sm:text-center flex lg:items-center sm:gap-0 gap-2 sm:justify-center lg:w-[281px] lg:h-[52px] sm:w-[149px] sm:h-[30px] text-white font-[500] lg:text-[18px] lg:tracking-[0.10px] sm:text-[12px] sm:px-4 sm:py-2 rounded-lg "
      >
        <span
          class="visible sm:hidden mr-2"
        >
          ▢
        </span>
        Clean Water and Sanitation
      </button>
      <button
        class="sm:bg-blue-500 sm:text-center flex lg:items-center sm:gap-0 gap-2 sm:justify-center lg:w-[281px] lg:h-[52px] sm:w-[149px] sm:h-[30px] text-white font-[500] lg:text-[18px] lg:tracking-[0.10px] sm:text-[12px] sm:px-4 sm:py-2 rounded-lg "
      >
        <span
          class="visible sm:hidden mr-2"
        >
          ▢
        </span>
        Climate Action
      </button>
      <button
        class="sm:bg-blue-500 sm:text-center flex lg:items-center sm:gap-0 gap-2 sm:justify-center lg:w-[281px] lg:h-[52px] sm:w-[149px] sm:h-[30px] text-white font-[500] lg:text-[18px] lg:tracking-[0.10px] sm:text-[12px] sm:px-4 sm:py-2 rounded-lg "
      >
        <span
          class="visible sm:hidden mr-2"
        >
          ▢
        </span>
        Decent Work and Economic Growth
      </button>
      <button
        class="sm:bg-blue-500 sm:text-center flex lg:items-center sm:gap-0 gap-2 sm:justify-center lg:w-[281px] lg:h-[52px] sm:w-[149px] sm:h-[30px] text-white font-[500] lg:text-[18px] lg:tracking-[0.10px] sm:text-[12px] sm:px-4 sm:py-2 rounded-lg "
      >
        <span
          class="visible sm:hidden mr-2"
        >
          ▢
        </span>
        Gender Equality
      </button>
      <button
        class="sm:bg-blue-500 sm:text-center flex lg:items-center sm:gap-0 gap-2 sm:justify-center lg:w-[281px] lg:h-[52px] sm:w-[149px] sm:h-[30px] text-white font-[500] lg:text-[18px] lg:tracking-[0.10px] sm:text-[12px] sm:px-4 sm:py-2 rounded-lg "
      >
        <span
          class="visible sm:hidden mr-2"
        >
          ▢
        </span>
        Good Health and Well Being
      </button>
      <button
        class="sm:bg-blue-500 sm:text-center flex lg:items-center sm:gap-0 gap-2 sm:justify-center lg:w-[281px] lg:h-[52px] sm:w-[149px] sm:h-[30px] text-white font-[500] lg:text-[18px] lg:tracking-[0.10px] sm:text-[12px] sm:px-4 sm:py-2 rounded-lg "
      >
        <span
          class="visible sm:hidden mr-2"
        >
          ▢
        </span>
        Industry, Innovation and Infrastructure
      </button>
      <button
        class="sm:bg-blue-500 sm:text-center flex lg:items-center sm:gap-0 gap-2 sm:justify-center lg:w-[281px] lg:h-[52px] sm:w-[149px] sm:h-[30px] text-white font-[500] lg:text-[18px] lg:tracking-[0.10px] sm:text-[12px] sm:px-4 sm:py-2 rounded-lg "
      >
        <span
          class="visible sm:hidden mr-2"
        >
          ▢
        </span>
        Life Below Water
      </button>
      <button
        class="sm:bg-blue-500 sm:text-center flex lg:items-center sm:gap-0 gap-2 sm:justify-center lg:w-[281px] lg:h-[52px] sm:w-[149px] sm:h-[30px] text-white font-[500] lg:text-[18px] lg:tracking-[0.10px] sm:text-[12px] sm:px-4 sm:py-2 rounded-lg "
      >
        <span
          class="visible sm:hidden mr-2"
        >
          ▢
        </span>
        Life on Land
      </button>
      <button
        class="sm:bg-blue-500 sm:text-center flex lg:items-center sm:gap-0 gap-2 sm:justify-center lg:w-[281px] lg:h-[52px] sm:w-[149px] sm:h-[30px] text-white font-[500] lg:text-[18px] lg:tracking-[0.10px] sm:text-[12px] sm:px-4 sm:py-2 rounded-lg "
      >
        <span
          class="visible sm:hidden mr-2"
        >
          ▢
        </span>
        No Poverty
      </button>
      <button
        class="sm:bg-blue-500 sm:text-center flex lg:items-center sm:gap-0 gap-2 sm:justify-center lg:w-[281px] lg:h-[52px] sm:w-[149px] sm:h-[30px] text-white font-[500] lg:text-[18px] lg:tracking-[0.10px] sm:text-[12px] sm:px-4 sm:py-2 rounded-lg "
      >
        <span
          class="visible sm:hidden mr-2"
        >
          ▢
        </span>
        Peace, Justice and Strong Institutions
      </button>
      <button
        class="sm:bg-blue-500 sm:text-center flex lg:items-center sm:gap-0 gap-2 sm:justify-center lg:w-[281px] lg:h-[52px] sm:w-[149px] sm:h-[30px] text-white font-[500] lg:text-[18px] lg:tracking-[0.10px] sm:text-[12px] sm:px-4 sm:py-2 rounded-lg "
      >
        <span
          class="visible sm:hidden mr-2"
        >
          ▢
        </span>
        Quality Education
      </button>
      <button
        class="sm:bg-blue-500 sm:text-center flex lg:items-center sm:gap-0 gap-2 sm:justify-center lg:w-[281px] lg:h-[52px] sm:w-[149px] sm:h-[30px] text-white font-[500] lg:text-[18px] lg:tracking-[0.10px] sm:text-[12px] sm:px-4 sm:py-2 rounded-lg "
      >
        <span
          class="visible sm:hidden mr-2"
        >
          ▢
        </span>
        Reduced Inequalities
      </button>
      <button
        class="sm:bg-blue-500 sm:text-center flex lg:items-center sm:gap-0 gap-2 sm:justify-center lg:w-[281px] lg:h-[52px] sm:w-[149px] sm:h-[30px] text-white font-[500] lg:text-[18px] lg:tracking-[0.10px] sm:text-[12px] sm:px-4 sm:py-2 rounded-lg "
      >
        <span
          class="visible sm:hidden mr-2"
        >
          ▢
        </span>
        Responsible Consumption/Production
      </button>
      <button
        class="sm:bg-blue-500 sm:text-center flex lg:items-center sm:gap-0 gap-2 sm:justify-center lg:w-[281px] lg:h-[52px] sm:w-[149px] sm:h-[30px] text-white font-[500] lg:text-[18px] lg:tracking-[0.10px] sm:text-[12px] sm:px-4 sm:py-2 rounded-lg "
      >
        <span
          class="visible sm:hidden mr-2"
        >
          ▢
        </span>
        Sustainable Cities and Communities
      </button>
      <button
        class="sm:bg-blue-500 sm:text-center flex lg:items-center sm:gap-0 gap-2 sm:justify-center lg:w-[281px] lg:h-[52px] sm:w-[149px] sm:h-[30px] text-white font-[500] lg:text-[18px] lg:tracking-[0.10px] sm:text-[12px] sm:px-4 sm:py-2 rounded-lg "
      >
        <span
          class="visible sm:hidden mr-2"
        >
          ▢
        </span>
        Zero Hunger
      </button>
    </ul>
  </div>
</DocumentFragment>
`;

exports[`FirestoreLocation renders correctly 1`] = `
<DocumentFragment>
  <p
    class="jsx-91fd70a1586f59ad md:hidden relative"
  >
    Locations
  </p>
  <form
    class="jsx-91fd70a1586f59ad max-w-1/2 sm:static absolute"
  >
    <input
      class="jsx-91fd70a1586f59ad p-1 mt-4 rounded-md focus:outline-2 xl:w-[15vw] outline outline-1 md:w-[20vw]"
      id="location"
      placeholder="Set Location"
      required=""
      style="border-radius: 8px; height: 55px;"
      value=""
    />
  </form>
</DocumentFragment>
`;
