// Jest Snapshot v1, https://goo.gl/fbAQLP

exports[`renders FilterByType 1`] = `
<DocumentFragment>
  <div>
    <button
      class="sm:hidden"
    >
      Interests
    </button>
    <ul
      class="information fadeIn flex sm:static sm:bg-transparent sm:h-[700px]  fixed bottom-0 left-0 h-64 w-full pt-8  bg-gray-900 text-white z-[999] flex-col items-start sm:pl-0 pl-4  gap-4 sm:border-x-0 sm:border-b-0 sm:pt-4 sm:items-center sm:border sm:border-t-black overflow-y-scroll"
    >
      <button
        class="sm:bg-blue-500 sm:text-center flex lg:items-center sm:gap-0 gap-2 sm:justify-center lg:w-[281px] lg:h-[52px] sm:w-[149px] sm:h-[30px] text-white font-[500] lg:text-[18px] lg:tracking-[0.10px] sm:text-[12px] sm:px-4 sm:py-2 rounded-lg"
      >
        Reset Filter
      </button>
      <button
        class="sm:bg-blue-500 sm:text-center flex lg:items-center sm:gap-0 gap-2 sm:justify-center lg:w-[281px] lg:h-[52px] sm:w-[149px] sm:h-[30px] text-white font-[500] lg:text-[18px] lg:tracking-[0.10px] sm:text-[12px] sm:px-4 sm:py-2 rounded-lg "
      >
        <span
          class="visible sm:hidden mr-2"
        >
          ▢
        </span>
        Affordable and Clean Energy
      </button>
      <button
        class="sm:bg-blue-500 sm:text-center flex lg:items-center sm:gap-0 gap-2 sm:justify-center lg:w-[281px] lg:h-[52px] sm:w-[149px] sm:h-[30px] text-white font-[500] lg:text-[18px] lg:tracking-[0.10px] sm:text-[12px] sm:px-4 sm:py-2 rounded-lg "
      >
        <span
          class="visible sm:hidden mr-2"
        >
          ▢
        </span>
        Clean Water and Sanitation
      </button>
      <button
        class="sm:bg-blue-500 sm:text-center flex lg:items-center sm:gap-0 gap-2 sm:justify-center lg:w-[281px] lg:h-[52px] sm:w-[149px] sm:h-[30px] text-white font-[500] lg:text-[18px] lg:tracking-[0.10px] sm:text-[12px] sm:px-4 sm:py-2 rounded-lg "
      >
        <span
          class="visible sm:hidden mr-2"
        >
          ▢
        </span>
        Climate Action
      </button>
      <button
        class="sm:bg-blue-500 sm:text-center flex lg:items-center sm:gap-0 gap-2 sm:justify-center lg:w-[281px] lg:h-[52px] sm:w-[149px] sm:h-[30px] text-white font-[500] lg:text-[18px] lg:tracking-[0.10px] sm:text-[12px] sm:px-4 sm:py-2 rounded-lg "
      >
        <span
          class="visible sm:hidden mr-2"
        >
          ▢
        </span>
        Decent Work and Economic Growth
      </button>
      <button
        class="sm:bg-blue-500 sm:text-center flex lg:items-center sm:gap-0 gap-2 sm:justify-center lg:w-[281px] lg:h-[52px] sm:w-[149px] sm:h-[30px] text-white font-[500] lg:text-[18px] lg:tracking-[0.10px] sm:text-[12px] sm:px-4 sm:py-2 rounded-lg "
      >
        <span
          class="visible sm:hidden mr-2"
        >
          ▢
        </span>
        Gender Equality
      </button>
      <button
        class="sm:bg-blue-500 sm:text-center flex lg:items-center sm:gap-0 gap-2 sm:justify-center lg:w-[281px] lg:h-[52px] sm:w-[149px] sm:h-[30px] text-white font-[500] lg:text-[18px] lg:tracking-[0.10px] sm:text-[12px] sm:px-4 sm:py-2 rounded-lg "
      >
        <span
          class="visible sm:hidden mr-2"
        >
          ▢
        </span>
        Good Health and Well Being
      </button>
      <button
        class="sm:bg-blue-500 sm:text-center flex lg:items-center sm:gap-0 gap-2 sm:justify-center lg:w-[281px] lg:h-[52px] sm:w-[149px] sm:h-[30px] text-white font-[500] lg:text-[18px] lg:tracking-[0.10px] sm:text-[12px] sm:px-4 sm:py-2 rounded-lg "
      >
        <span
          class="visible sm:hidden mr-2"
        >
          ▢
        </span>
        Industry, Innovation and Infrastructure
      </button>
      <button
        class="sm:bg-blue-500 sm:text-center flex lg:items-center sm:gap-0 gap-2 sm:justify-center lg:w-[281px] lg:h-[52px] sm:w-[149px] sm:h-[30px] text-white font-[500] lg:text-[18px] lg:tracking-[0.10px] sm:text-[12px] sm:px-4 sm:py-2 rounded-lg "
      >
        <span
          class="visible sm:hidden mr-2"
        >
          ▢
        </span>
        Life Below Water
      </button>
      <button
        class="sm:bg-blue-500 sm:text-center flex lg:items-center sm:gap-0 gap-2 sm:justify-center lg:w-[281px] lg:h-[52px] sm:w-[149px] sm:h-[30px] text-white font-[500] lg:text-[18px] lg:tracking-[0.10px] sm:text-[12px] sm:px-4 sm:py-2 rounded-lg "
      >
        <span
          class="visible sm:hidden mr-2"
        >
          ▢
        </span>
        Life on Land
      </button>
      <button
        class="sm:bg-blue-500 sm:text-center flex lg:items-center sm:gap-0 gap-2 sm:justify-center lg:w-[281px] lg:h-[52px] sm:w-[149px] sm:h-[30px] text-white font-[500] lg:text-[18px] lg:tracking-[0.10px] sm:text-[12px] sm:px-4 sm:py-2 rounded-lg "
      >
        <span
          class="visible sm:hidden mr-2"
        >
          ▢
        </span>
        No Poverty
      </button>
      <button
        class="sm:bg-blue-500 sm:text-center flex lg:items-center sm:gap-0 gap-2 sm:justify-center lg:w-[281px] lg:h-[52px] sm:w-[149px] sm:h-[30px] text-white font-[500] lg:text-[18px] lg:tracking-[0.10px] sm:text-[12px] sm:px-4 sm:py-2 rounded-lg "
      >
        <span
          class="visible sm:hidden mr-2"
        >
          ▢
        </span>
        Peace, Justice and Strong Institutions
      </button>
      <button
        class="sm:bg-blue-500 sm:text-center flex lg:items-center sm:gap-0 gap-2 sm:justify-center lg:w-[281px] lg:h-[52px] sm:w-[149px] sm:h-[30px] text-white font-[500] lg:text-[18px] lg:tracking-[0.10px] sm:text-[12px] sm:px-4 sm:py-2 rounded-lg "
      >
        <span
          class="visible sm:hidden mr-2"
        >
          ▢
        </span>
        Quality Education
      </button>
      <button
        class="sm:bg-blue-500 sm:text-center flex lg:items-center sm:gap-0 gap-2 sm:justify-center lg:w-[281px] lg:h-[52px] sm:w-[149px] sm:h-[30px] text-white font-[500] lg:text-[18px] lg:tracking-[0.10px] sm:text-[12px] sm:px-4 sm:py-2 rounded-lg "
      >
        <span
          class="visible sm:hidden mr-2"
        >
          ▢
        </span>
        Reduced Inequalities
      </button>
      <button
        class="sm:bg-blue-500 sm:text-center flex lg:items-center sm:gap-0 gap-2 sm:justify-center lg:w-[281px] lg:h-[52px] sm:w-[149px] sm:h-[30px] text-white font-[500] lg:text-[18px] lg:tracking-[0.10px] sm:text-[12px] sm:px-4 sm:py-2 rounded-lg "
      >
        <span
          class="visible sm:hidden mr-2"
        >
          ▢
        </span>
        Responsible Consumption/Production
      </button>
      <button
        class="sm:bg-blue-500 sm:text-center flex lg:items-center sm:gap-0 gap-2 sm:justify-center lg:w-[281px] lg:h-[52px] sm:w-[149px] sm:h-[30px] text-white font-[500] lg:text-[18px] lg:tracking-[0.10px] sm:text-[12px] sm:px-4 sm:py-2 rounded-lg "
      >
        <span
          class="visible sm:hidden mr-2"
        >
          ▢
        </span>
        Sustainable Cities and Communities
      </button>
      <button
        class="sm:bg-blue-500 sm:text-center flex lg:items-center sm:gap-0 gap-2 sm:justify-center lg:w-[281px] lg:h-[52px] sm:w-[149px] sm:h-[30px] text-white font-[500] lg:text-[18px] lg:tracking-[0.10px] sm:text-[12px] sm:px-4 sm:py-2 rounded-lg "
      >
        <span
          class="visible sm:hidden mr-2"
        >
          ▢
        </span>
        Zero Hunger
      </button>
    </ul>
  </div>
</DocumentFragment>
`;
