// Jest Snapshot v1, https://goo.gl/fbAQLP

exports[`FirestoreLocation renders correctly 1`] = `
<DocumentFragment>
  <p
    class="jsx-91fd70a1586f59ad md:hidden relative"
  >
    Locations
  </p>
  <form
    class="jsx-91fd70a1586f59ad max-w-1/2 sm:static absolute"
  >
    <input
      class="jsx-91fd70a1586f59ad p-1 mt-4 rounded-md focus:outline-2 xl:w-[15vw] outline outline-1 md:w-[20vw]"
      id="location"
      placeholder="Set Location"
      required=""
      style="border-radius: 8px; height: 55px;"
      value=""
    />
  </form>
</DocumentFragment>
`;
