// Jest Snapshot v1, https://goo.gl/fbAQLP

exports[`Loader renders correctly 1`] = `
<DocumentFragment>
  <div
    class="body"
  >
    <div
      class="wrapper"
    >
      <div
        class="candles"
      >
        <div
          class="lightWave"
        />
        <div
          class="candle1"
        >
          <div
            class="candle1Body"
          >
            <div
              class="candle1Eyes"
            >
              <span
                class="candle1EyesOne"
              />
              <span
                class="candle1EyesTwo"
              />
            </div>
            <div
              class="candle1Mouth"
            />
          </div>
          <div
            class="candle1Stick"
          />
        </div>
        <div
          class="candle2"
        >
          <div
            class="candle2Body"
          >
            <div
              class="candle2Eyes"
            >
              <div
                class="candle2EyesOne"
              />
              <div
                class="candle2EyesTwo"
              />
            </div>
          </div>
          <div
            class="candle2Stick"
          />
        </div>
        <div
          class="candle2Fire"
        />
        <div
          class="sparklesOne"
        />
        <div
          class="sparklesTwo"
        />
        <div
          class="candleSmokeOne"
        />
        <div
          class="candleSmokeTwo"
        />
      </div>
      <div
        class="floor"
      />
    </div>
  </div>
</DocumentFragment>
`;
