// Jest Snapshot v1, https://goo.gl/fbAQLP

exports[`GalleryCard should match snapshot 1`] = `
<DocumentFragment>
  <div
    class="flex justify-center items-center p-4"
  >
    <div
      class="grid grid-cols-2 md:grid-cols-3 lg:grid-cols-6 gap-4"
    >
      <div
        class="bg-gray-100 xl:w-[190px] xl:h-[172px] lg:w-[156px] lg:h-[154px] m-2 sm:w-[138px] sm:h-[132px] w-[112px] h-[106px]  flex items-center justify-center gallery invisible"
        id="gallery"
        style="animation-delay: 0s;"
      >
        <img
          alt="Image 1"
          loading="lazy"
          src="/images/en/IMG1.png"
          style="object-position: center; object-fit: cover; display: block; width: 100%;"
        />
      </div>
      <div
        class="bg-gray-100 xl:w-[190px] xl:h-[172px] lg:w-[156px] lg:h-[154px] m-2 sm:w-[138px] sm:h-[132px] w-[112px] h-[106px]  flex items-center justify-center gallery invisible"
        id="gallery"
        style="animation-delay: 0.1s;"
      >
        <img
          alt="Image 2"
          loading="lazy"
          src="/images/en/IMG2.png"
          style="object-position: center; object-fit: cover; display: block; width: 100%;"
        />
      </div>
      <div
        class="bg-gray-100 xl:w-[190px] xl:h-[172px] lg:w-[156px] lg:h-[154px] m-2 sm:w-[138px] sm:h-[132px] w-[112px] h-[106px]  flex items-center justify-center gallery invisible"
        id="gallery"
        style="animation-delay: 0.2s;"
      >
        <img
          alt="Image 3"
          loading="lazy"
          src="/images/en/IMG3.png"
          style="object-position: center; object-fit: cover; display: block; width: 100%;"
        />
      </div>
      <div
        class="bg-gray-100 xl:w-[190px] xl:h-[172px] lg:w-[156px] lg:h-[154px] m-2 sm:w-[138px] sm:h-[132px] w-[112px] h-[106px]  flex items-center justify-center gallery invisible"
        id="gallery"
        style="animation-delay: 0.30000000000000004s;"
      >
        <img
          alt="Image 4"
          loading="lazy"
          src="/images/en/IMG4.png"
          style="object-position: center; object-fit: cover; display: block; width: 100%;"
        />
      </div>
      <div
        class="bg-gray-100 xl:w-[190px] xl:h-[172px] lg:w-[156px] lg:h-[154px] m-2 sm:w-[138px] sm:h-[132px] w-[112px] h-[106px]  flex items-center justify-center gallery invisible"
        id="gallery"
        style="animation-delay: 0.4s;"
      >
        <img
          alt="Image 5"
          loading="lazy"
          src="/images/en/IMG5.png"
          style="object-position: center; object-fit: cover; display: block; width: 100%;"
        />
      </div>
      <div
        class="bg-gray-100 xl:w-[190px] xl:h-[172px] lg:w-[156px] lg:h-[154px] m-2 sm:w-[138px] sm:h-[132px] w-[112px] h-[106px]  flex items-center justify-center gallery invisible"
        id="gallery"
        style="animation-delay: 0.5s;"
      >
        <img
          alt="Image 6"
          loading="lazy"
          src="/images/en/IMG6.png"
          style="object-position: center; object-fit: cover; display: block; width: 100%;"
        />
      </div>
      <div
        class="bg-gray-100 xl:w-[190px] xl:h-[172px] lg:w-[156px] lg:h-[154px] m-2 sm:w-[138px] sm:h-[132px] w-[112px] h-[106px]  flex items-center justify-center gallery invisible"
        id="gallery"
        style="animation-delay: 0.6000000000000001s;"
      >
        <img
          alt="Image 7"
          loading="lazy"
          src="/images/en/IMG7.png"
          style="object-position: center; object-fit: cover; display: block; width: 100%;"
        />
      </div>
      <div
        class="bg-gray-100 xl:w-[190px] xl:h-[172px] lg:w-[156px] lg:h-[154px] m-2 sm:w-[138px] sm:h-[132px] w-[112px] h-[106px]  flex items-center justify-center gallery invisible"
        id="gallery"
        style="animation-delay: 0.7000000000000001s;"
      >
        <img
          alt="Image 8"
          loading="lazy"
          src="/images/en/IMG8.png"
          style="object-position: center; object-fit: cover; display: block; width: 100%;"
        />
      </div>
      <div
        class="bg-gray-100 xl:w-[190px] xl:h-[172px] lg:w-[156px] lg:h-[154px] m-2 sm:w-[138px] sm:h-[132px] w-[112px] h-[106px]  flex items-center justify-center gallery invisible"
        id="gallery"
        style="animation-delay: 0.8s;"
      >
        <img
          alt="Image 9"
          loading="lazy"
          src="/images/en/IMG9.png"
          style="object-position: center; object-fit: cover; display: block; width: 100%;"
        />
      </div>
      <div
        class="bg-gray-100 xl:w-[190px] xl:h-[172px] lg:w-[156px] lg:h-[154px] m-2 sm:w-[138px] sm:h-[132px] w-[112px] h-[106px]  flex items-center justify-center gallery invisible"
        id="gallery"
        style="animation-delay: 0.9s;"
      >
        <img
          alt="Image 10"
          loading="lazy"
          src="/images/en/IMG10.png"
          style="object-position: center; object-fit: cover; display: block; width: 100%;"
        />
      </div>
      <div
        class="bg-gray-100 xl:w-[190px] xl:h-[172px] lg:w-[156px] lg:h-[154px] m-2 sm:w-[138px] sm:h-[132px] w-[112px] h-[106px]  flex items-center justify-center gallery invisible"
        id="gallery"
        style="animation-delay: 1s;"
      >
        <img
          alt="Image 11"
          loading="lazy"
          src="/images/en/IMG11.png"
          style="object-position: center; object-fit: cover; display: block; width: 100%;"
        />
      </div>
      <div
        class="bg-gray-100 xl:w-[190px] xl:h-[172px] lg:w-[156px] lg:h-[154px] m-2 sm:w-[138px] sm:h-[132px] w-[112px] h-[106px]  flex items-center justify-center gallery invisible"
        id="gallery"
        style="animation-delay: 1.1s;"
      >
        <img
          alt="Image 12"
          loading="lazy"
          src="/images/en/IMG12.png"
          style="object-position: center; object-fit: cover; display: block; width: 100%;"
        />
      </div>
      <div
        class="bg-gray-100 xl:w-[190px] xl:h-[172px] lg:w-[156px] lg:h-[154px] m-2 sm:w-[138px] sm:h-[132px] w-[112px] h-[106px]  flex items-center justify-center gallery invisible"
        id="gallery"
        style="animation-delay: 1.2000000000000002s;"
      >
        <img
          alt="Image 13"
          loading="lazy"
          src="/images/en/IMG13.png"
          style="object-position: center; object-fit: cover; display: block; width: 100%;"
        />
      </div>
      <div
        class="bg-gray-100 xl:w-[190px] xl:h-[172px] lg:w-[156px] lg:h-[154px] m-2 sm:w-[138px] sm:h-[132px] w-[112px] h-[106px]  flex items-center justify-center gallery invisible"
        id="gallery"
        style="animation-delay: 1.3s;"
      >
        <img
          alt="Image 14"
          loading="lazy"
          src="/images/en/IMG14.png"
          style="object-position: center; object-fit: cover; display: block; width: 100%;"
        />
      </div>
      <div
        class="bg-gray-100 xl:w-[190px] xl:h-[172px] lg:w-[156px] lg:h-[154px] m-2 sm:w-[138px] sm:h-[132px] w-[112px] h-[106px]  flex items-center justify-center gallery invisible"
        id="gallery"
        style="animation-delay: 1.4000000000000001s;"
      >
        <img
          alt="Image 15"
          loading="lazy"
          src="/images/en/IMG15.png"
          style="object-position: center; object-fit: cover; display: block; width: 100%;"
        />
      </div>
      <div
        class="bg-gray-100 xl:w-[190px] xl:h-[172px] lg:w-[156px] lg:h-[154px] m-2 sm:w-[138px] sm:h-[132px] w-[112px] h-[106px]  flex items-center justify-center gallery invisible"
        id="gallery"
        style="animation-delay: 1.5s;"
      >
        <img
          alt="Image 16"
          loading="lazy"
          src="/images/en/IMG16.png"
          style="object-position: center; object-fit: cover; display: block; width: 100%;"
        />
      </div>
      <div
        class="bg-gray-100 xl:w-[190px] xl:h-[172px] lg:w-[156px] lg:h-[154px] m-2 sm:w-[138px] sm:h-[132px] w-[112px] h-[106px]  flex items-center justify-center gallery invisible"
        id="gallery"
        style="animation-delay: 1.6s;"
      >
        <img
          alt="Image 17"
          loading="lazy"
          src="/images/en/IMG17.png"
          style="object-position: center; object-fit: cover; display: block; width: 100%;"
        />
      </div>
      <div
        class="bg-gray-100 xl:w-[190px] xl:h-[172px] lg:w-[156px] lg:h-[154px] m-2 sm:w-[138px] sm:h-[132px] w-[112px] h-[106px]  flex items-center justify-center gallery invisible"
        id="gallery"
        style="animation-delay: 1.7000000000000002s;"
      >
        <img
          alt="Image 18"
          loading="lazy"
          src="/images/en/IMG18.png"
          style="object-position: center; object-fit: cover; display: block; width: 100%;"
        />
      </div>
    </div>
  </div>
</DocumentFragment>
`;
